Archive member included to satisfy reference by file (symbol)

d:\misc\genesistools\rasp-gcc\bin\../arm-linux-gnueabihf/sysroot/usr/lib/arm-linux-gnueabihf/libc_nonshared.a(elf-init.oS)
                              d:/misc/genesistools/rasp-gcc/bin/../arm-linux-gnueabihf/sysroot/usr/lib/arm-linux-gnueabihf/crt1.o (__libc_csu_init)

Discarded input sections

 .rodata.cst4   0x00000000        0x4 d:/misc/genesistools/rasp-gcc/bin/../arm-linux-gnueabihf/sysroot/usr/lib/arm-linux-gnueabihf/crt1.o
 .ARM.extab     0x00000000        0x0 d:/misc/genesistools/rasp-gcc/bin/../arm-linux-gnueabihf/sysroot/usr/lib/arm-linux-gnueabihf/crt1.o
 .data          0x00000000        0x4 d:/misc/genesistools/rasp-gcc/bin/../arm-linux-gnueabihf/sysroot/usr/lib/arm-linux-gnueabihf/crt1.o
 .bss           0x00000000        0x0 d:/misc/genesistools/rasp-gcc/bin/../arm-linux-gnueabihf/sysroot/usr/lib/arm-linux-gnueabihf/crt1.o
 .note.GNU-stack
                0x00000000        0x0 d:/misc/genesistools/rasp-gcc/bin/../arm-linux-gnueabihf/sysroot/usr/lib/arm-linux-gnueabihf/crt1.o
 .data          0x00000000        0x0 d:/misc/genesistools/rasp-gcc/bin/../arm-linux-gnueabihf/sysroot/usr/lib/arm-linux-gnueabihf/crti.o
 .bss           0x00000000        0x0 d:/misc/genesistools/rasp-gcc/bin/../arm-linux-gnueabihf/sysroot/usr/lib/arm-linux-gnueabihf/crti.o
 .note.GNU-stack
                0x00000000        0x0 d:/misc/genesistools/rasp-gcc/bin/../arm-linux-gnueabihf/sysroot/usr/lib/arm-linux-gnueabihf/crti.o
 .data          0x00000000        0x4 d:/misc/genesistools/rasp-gcc/bin/../lib/gcc/arm-linux-gnueabihf/8/../../../../arm-linux-gnueabihf/lib/crtbegin.o
 .note.GNU-stack
                0x00000000        0x0 d:/misc/genesistools/rasp-gcc/bin/../lib/gcc/arm-linux-gnueabihf/8/../../../../arm-linux-gnueabihf/lib/crtbegin.o
 .group         0x00000000        0xc build/test_1_app.exe/src/main.o
 .group         0x00000000        0xc build/test_1_app.exe/src/main.o
 .group         0x00000000        0xc build/test_1_app.exe/src/main.o
 .group         0x00000000        0xc build/test_1_app.exe/src/main.o
 .group         0x00000000        0xc build/test_1_app.exe/src/main.o
 .group         0x00000000        0xc build/test_1_app.exe/src/main.o
 .group         0x00000000        0xc build/test_1_app.exe/src/main.o
 .group         0x00000000        0xc build/test_1_app.exe/src/main.o
 .group         0x00000000        0xc build/test_1_app.exe/src/main.o
 .group         0x00000000        0xc build/test_1_app.exe/src/main.o
 .group         0x00000000        0xc build/test_1_app.exe/src/main.o
 .group         0x00000000        0xc build/test_1_app.exe/src/main.o
 .group         0x00000000        0xc build/test_1_app.exe/src/main.o
 .group         0x00000000        0xc build/test_1_app.exe/src/main.o
 .group         0x00000000        0xc build/test_1_app.exe/src/main.o
 .group         0x00000000        0xc build/test_1_app.exe/src/main.o
 .group         0x00000000        0xc build/test_1_app.exe/src/main.o
 .group         0x00000000        0xc build/test_1_app.exe/src/main.o
 .group         0x00000000        0xc build/test_1_app.exe/src/main.o
 .group         0x00000000        0xc build/test_1_app.exe/src/main.o
 .group         0x00000000        0xc build/test_1_app.exe/src/main.o
 .group         0x00000000        0xc build/test_1_app.exe/src/main.o
 .group         0x00000000        0xc build/test_1_app.exe/src/main.o
 .group         0x00000000        0xc build/test_1_app.exe/src/main.o
 .group         0x00000000        0xc build/test_1_app.exe/src/main.o
 .text          0x00000000        0x0 build/test_1_app.exe/src/main.o
 .data          0x00000000        0x0 build/test_1_app.exe/src/main.o
 .bss           0x00000000        0x0 build/test_1_app.exe/src/main.o
 .ARM.extab.text.startup
                0x00000000        0x0 build/test_1_app.exe/src/main.o
 .note.GNU-stack
                0x00000000        0x0 build/test_1_app.exe/src/main.o
 .data          0x00000000        0x0 d:\misc\genesistools\rasp-gcc\bin\../arm-linux-gnueabihf/sysroot/usr/lib/arm-linux-gnueabihf/libc_nonshared.a(elf-init.oS)
 .bss           0x00000000        0x0 d:\misc\genesistools\rasp-gcc\bin\../arm-linux-gnueabihf/sysroot/usr/lib/arm-linux-gnueabihf/libc_nonshared.a(elf-init.oS)
 .note.GNU-stack
                0x00000000        0x0 d:\misc\genesistools\rasp-gcc\bin\../arm-linux-gnueabihf/sysroot/usr/lib/arm-linux-gnueabihf/libc_nonshared.a(elf-init.oS)
 .text          0x00000000        0x0 d:/misc/genesistools/rasp-gcc/bin/../lib/gcc/arm-linux-gnueabihf/8/../../../../arm-linux-gnueabihf/lib/crtend.o
 .data          0x00000000        0x0 d:/misc/genesistools/rasp-gcc/bin/../lib/gcc/arm-linux-gnueabihf/8/../../../../arm-linux-gnueabihf/lib/crtend.o
 .bss           0x00000000        0x0 d:/misc/genesistools/rasp-gcc/bin/../lib/gcc/arm-linux-gnueabihf/8/../../../../arm-linux-gnueabihf/lib/crtend.o
 .note.GNU-stack
                0x00000000        0x0 d:/misc/genesistools/rasp-gcc/bin/../lib/gcc/arm-linux-gnueabihf/8/../../../../arm-linux-gnueabihf/lib/crtend.o
 .text          0x00000000        0x0 d:/misc/genesistools/rasp-gcc/bin/../arm-linux-gnueabihf/sysroot/usr/lib/arm-linux-gnueabihf/crtn.o
 .data          0x00000000        0x0 d:/misc/genesistools/rasp-gcc/bin/../arm-linux-gnueabihf/sysroot/usr/lib/arm-linux-gnueabihf/crtn.o
 .bss           0x00000000        0x0 d:/misc/genesistools/rasp-gcc/bin/../arm-linux-gnueabihf/sysroot/usr/lib/arm-linux-gnueabihf/crtn.o
 .note.GNU-stack
                0x00000000        0x0 d:/misc/genesistools/rasp-gcc/bin/../arm-linux-gnueabihf/sysroot/usr/lib/arm-linux-gnueabihf/crtn.o

Memory Configuration

Name             Origin             Length             Attributes
*default*        0x00000000         0xffffffff

Linker script and memory map

LOAD d:/misc/genesistools/rasp-gcc/bin/../arm-linux-gnueabihf/sysroot/usr/lib/arm-linux-gnueabihf/crt1.o
LOAD d:/misc/genesistools/rasp-gcc/bin/../arm-linux-gnueabihf/sysroot/usr/lib/arm-linux-gnueabihf/crti.o
LOAD d:/misc/genesistools/rasp-gcc/bin/../lib/gcc/arm-linux-gnueabihf/8/../../../../arm-linux-gnueabihf/lib/crtbegin.o
LOAD build/test_1_app.exe/src/main.o
LOAD bin\libtchain_rasp-gcc.a
LOAD d:/misc/genesistools/rasp-gcc/bin/../lib/gcc/arm-linux-gnueabihf/8/../../../../arm-linux-gnueabihf/lib/libstdc++.so
LOAD d:/misc/genesistools/rasp-gcc/bin/../arm-linux-gnueabihf/sysroot/usr/lib/arm-linux-gnueabihf/libm.so
LOAD d:/misc/genesistools/rasp-gcc/bin/../lib/gcc/arm-linux-gnueabihf/8/../../../../arm-linux-gnueabihf/lib/libgcc_s.so
START GROUP
LOAD d:/misc/genesistools/rasp-gcc/bin/../lib/gcc/arm-linux-gnueabihf/8/../../../../arm-linux-gnueabihf/lib\libgcc_s.so.1
LOAD d:/misc/genesistools/rasp-gcc/bin/../lib/gcc/arm-linux-gnueabihf/8/../../../../arm-linux-gnueabihf/lib\libgcc.a
END GROUP
LOAD d:/misc/genesistools/rasp-gcc/bin/../lib/gcc/arm-linux-gnueabihf/8/../../../../arm-linux-gnueabihf/lib\libgcc.a
LOAD d:/misc/genesistools/rasp-gcc/bin/../arm-linux-gnueabihf/sysroot/usr/lib/arm-linux-gnueabihf/libc.so
START GROUP
LOAD d:\misc\genesistools\rasp-gcc\bin\../arm-linux-gnueabihf/sysroot/lib/arm-linux-gnueabihf/libc.so.6
LOAD d:\misc\genesistools\rasp-gcc\bin\../arm-linux-gnueabihf/sysroot/usr/lib/arm-linux-gnueabihf/libc_nonshared.a
LOAD d:\misc\genesistools\rasp-gcc\bin\../arm-linux-gnueabihf/sysroot/lib/arm-linux-gnueabihf/ld-linux-armhf.so.3
END GROUP
LOAD d:/misc/genesistools/rasp-gcc/bin/../lib/gcc/arm-linux-gnueabihf/8/../../../../arm-linux-gnueabihf/lib/libgcc_s.so
START GROUP
LOAD d:/misc/genesistools/rasp-gcc/bin/../lib/gcc/arm-linux-gnueabihf/8/../../../../arm-linux-gnueabihf/lib\libgcc_s.so.1
LOAD d:/misc/genesistools/rasp-gcc/bin/../lib/gcc/arm-linux-gnueabihf/8/../../../../arm-linux-gnueabihf/lib\libgcc.a
END GROUP
LOAD d:/misc/genesistools/rasp-gcc/bin/../lib/gcc/arm-linux-gnueabihf/8/../../../../arm-linux-gnueabihf/lib\libgcc.a
LOAD d:/misc/genesistools/rasp-gcc/bin/../lib/gcc/arm-linux-gnueabihf/8/../../../../arm-linux-gnueabihf/lib/crtend.o
LOAD d:/misc/genesistools/rasp-gcc/bin/../arm-linux-gnueabihf/sysroot/usr/lib/arm-linux-gnueabihf/crtn.o
                [!provide]                PROVIDE (__executable_start = SEGMENT_START ("text-segment", 0x10000))
                0x00010154                . = (SEGMENT_START ("text-segment", 0x10000) + SIZEOF_HEADERS)

.interp         0x00010154       0x19
 *(.interp)
 .interp        0x00010154       0x19 d:/misc/genesistools/rasp-gcc/bin/../arm-linux-gnueabihf/sysroot/usr/lib/arm-linux-gnueabihf/crt1.o

.note.ABI-tag   0x00010170       0x20
 .note.ABI-tag  0x00010170       0x20 d:/misc/genesistools/rasp-gcc/bin/../arm-linux-gnueabihf/sysroot/usr/lib/arm-linux-gnueabihf/crt1.o

.note.gnu.build-id
                0x00010190       0x24
 *(.note.gnu.build-id)
 .note.gnu.build-id
                0x00010190       0x24 linker stubs

.hash
 *(.hash)

.gnu.hash       0x000101b4       0x2c
 *(.gnu.hash)
 .gnu.hash      0x000101b4       0x2c d:/misc/genesistools/rasp-gcc/bin/../arm-linux-gnueabihf/sysroot/usr/lib/arm-linux-gnueabihf/crt1.o

.dynsym         0x000101e0       0x80
 *(.dynsym)
 .dynsym        0x000101e0       0x80 d:/misc/genesistools/rasp-gcc/bin/../arm-linux-gnueabihf/sysroot/usr/lib/arm-linux-gnueabihf/crt1.o

.dynstr         0x00010260       0xbd
 *(.dynstr)
 .dynstr        0x00010260       0xbd d:/misc/genesistools/rasp-gcc/bin/../arm-linux-gnueabihf/sysroot/usr/lib/arm-linux-gnueabihf/crt1.o

.gnu.version    0x0001031e       0x10
 *(.gnu.version)
 .gnu.version   0x0001031e       0x10 d:/misc/genesistools/rasp-gcc/bin/../arm-linux-gnueabihf/sysroot/usr/lib/arm-linux-gnueabihf/crt1.o

.gnu.version_d  0x00010330        0x0
 *(.gnu.version_d)
 .gnu.version_d
                0x00010330        0x0 d:/misc/genesistools/rasp-gcc/bin/../arm-linux-gnueabihf/sysroot/usr/lib/arm-linux-gnueabihf/crt1.o

.gnu.version_r  0x00010330       0x40
 *(.gnu.version_r)
 .gnu.version_r
                0x00010330       0x40 d:/misc/genesistools/rasp-gcc/bin/../arm-linux-gnueabihf/sysroot/usr/lib/arm-linux-gnueabihf/crt1.o

.rel.dyn        0x00010370        0x8
 *(.rel.init)
 *(.rel.text .rel.text.* .rel.gnu.linkonce.t.*)
 *(.rel.fini)
 *(.rel.rodata .rel.rodata.* .rel.gnu.linkonce.r.*)
 *(.rel.data.rel.ro .rel.data.rel.ro.* .rel.gnu.linkonce.d.rel.ro.*)
 .rel.data.rel.ro
                0x00010370        0x0 d:/misc/genesistools/rasp-gcc/bin/../arm-linux-gnueabihf/sysroot/usr/lib/arm-linux-gnueabihf/crt1.o
 *(.rel.data .rel.data.* .rel.gnu.linkonce.d.*)
 *(.rel.tdata .rel.tdata.* .rel.gnu.linkonce.td.*)
 *(.rel.tbss .rel.tbss.* .rel.gnu.linkonce.tb.*)
 *(.rel.ctors)
 *(.rel.dtors)
 *(.rel.got)
 .rel.got       0x00010370        0x8 d:/misc/genesistools/rasp-gcc/bin/../arm-linux-gnueabihf/sysroot/usr/lib/arm-linux-gnueabihf/crt1.o
 *(.rel.bss .rel.bss.* .rel.gnu.linkonce.b.*)
 .rel.bss       0x00010378        0x0 d:/misc/genesistools/rasp-gcc/bin/../arm-linux-gnueabihf/sysroot/usr/lib/arm-linux-gnueabihf/crt1.o
                [!provide]                PROVIDE (__rel_iplt_start = .)
 *(.rel.iplt)
 .rel.iplt      0x00010378        0x0 d:/misc/genesistools/rasp-gcc/bin/../arm-linux-gnueabihf/sysroot/usr/lib/arm-linux-gnueabihf/crt1.o
                [!provide]                PROVIDE (__rel_iplt_end = .)

.rela.dyn       0x00010378        0x0
 *(.rela.init)
 *(.rela.text .rela.text.* .rela.gnu.linkonce.t.*)
 *(.rela.fini)
 *(.rela.rodata .rela.rodata.* .rela.gnu.linkonce.r.*)
 *(.rela.data .rela.data.* .rela.gnu.linkonce.d.*)
 *(.rela.tdata .rela.tdata.* .rela.gnu.linkonce.td.*)
 *(.rela.tbss .rela.tbss.* .rela.gnu.linkonce.tb.*)
 *(.rela.ctors)
 *(.rela.dtors)
 *(.rela.got)
 *(.rela.bss .rela.bss.* .rela.gnu.linkonce.b.*)
                [!provide]                PROVIDE (__rela_iplt_start = .)
 *(.rela.iplt)
                [!provide]                PROVIDE (__rela_iplt_end = .)

.rel.plt        0x00010378       0x20
 *(.rel.plt)
 .rel.plt       0x00010378       0x20 d:/misc/genesistools/rasp-gcc/bin/../arm-linux-gnueabihf/sysroot/usr/lib/arm-linux-gnueabihf/crt1.o

.rela.plt
 *(.rela.plt)

.init           0x00010398        0xc
 *(SORT_NONE(.init))
 .init          0x00010398        0x8 d:/misc/genesistools/rasp-gcc/bin/../arm-linux-gnueabihf/sysroot/usr/lib/arm-linux-gnueabihf/crti.o
                0x00010398                _init
 .init          0x000103a0        0x4 d:/misc/genesistools/rasp-gcc/bin/../arm-linux-gnueabihf/sysroot/usr/lib/arm-linux-gnueabihf/crtn.o

.plt            0x000103a4       0x44
 *(.plt)
 .plt           0x000103a4       0x44 d:/misc/genesistools/rasp-gcc/bin/../arm-linux-gnueabihf/sysroot/usr/lib/arm-linux-gnueabihf/crt1.o
                0x000103b8                puts@@GLIBC_2.4
                0x000103c4                abort@@GLIBC_2.4
                0x000103d0                __libc_start_main@@GLIBC_2.4

.iplt           0x000103e8        0x0
 *(.iplt)
 .iplt          0x000103e8        0x0 d:/misc/genesistools/rasp-gcc/bin/../arm-linux-gnueabihf/sysroot/usr/lib/arm-linux-gnueabihf/crt1.o

.text           0x000103e8      0x16c
 *(.text.unlikely .text.*_unlikely .text.unlikely.*)
 *(.text.exit .text.exit.*)
 *(.text.startup .text.startup.*)
 .text.startup  0x000103e8       0x18 build/test_1_app.exe/src/main.o
                0x000103e8                main
 *(.text.hot .text.hot.*)
 *(.text .stub .text.* .gnu.linkonce.t.*)
 .text          0x00010400       0x3c d:/misc/genesistools/rasp-gcc/bin/../arm-linux-gnueabihf/sysroot/usr/lib/arm-linux-gnueabihf/crt1.o
                0x00010400                _start
 .text          0x0001043c       0x24 d:/misc/genesistools/rasp-gcc/bin/../arm-linux-gnueabihf/sysroot/usr/lib/arm-linux-gnueabihf/crti.o
 .text          0x00010460       0x90 d:/misc/genesistools/rasp-gcc/bin/../lib/gcc/arm-linux-gnueabihf/8/../../../../arm-linux-gnueabihf/lib/crtbegin.o
 .text          0x000104f0       0x64 d:\misc\genesistools\rasp-gcc\bin\../arm-linux-gnueabihf/sysroot/usr/lib/arm-linux-gnueabihf/libc_nonshared.a(elf-init.oS)
                0x000104f0                __libc_csu_init
                0x00010550                __libc_csu_fini
 *(.gnu.warning)
 *(.glue_7t)
 .glue_7t       0x00010554        0x0 linker stubs
 *(.glue_7)
 .glue_7        0x00010554        0x0 linker stubs
 *(.vfp11_veneer)
 .vfp11_veneer  0x00010554        0x0 linker stubs
 *(.v4_bx)
 .v4_bx         0x00010554        0x0 linker stubs

.fini           0x00010554        0x8
 *(SORT_NONE(.fini))
 .fini          0x00010554        0x4 d:/misc/genesistools/rasp-gcc/bin/../arm-linux-gnueabihf/sysroot/usr/lib/arm-linux-gnueabihf/crti.o
                0x00010554                _fini
 .fini          0x00010558        0x4 d:/misc/genesistools/rasp-gcc/bin/../arm-linux-gnueabihf/sysroot/usr/lib/arm-linux-gnueabihf/crtn.o
                [!provide]                PROVIDE (__etext = .)
                [!provide]                PROVIDE (_etext = .)
                [!provide]                PROVIDE (etext = .)

.rodata         0x0001055c        0xc
 *(.rodata .rodata.* .gnu.linkonce.r.*)
 .rodata.str1.4
                0x0001055c        0xc build/test_1_app.exe/src/main.o
                                  0xb (size before relaxing)

.rodata1
 *(.rodata1)

.ARM.extab
 *(.ARM.extab* .gnu.linkonce.armextab.*)
                [!provide]                PROVIDE (__exidx_start = .)

.ARM.exidx      0x00010568       0x10
 *(.ARM.exidx* .gnu.linkonce.armexidx.*)
 .ARM.exidx     0x00010570        0x8 d:/misc/genesistools/rasp-gcc/bin/../arm-linux-gnueabihf/sysroot/usr/lib/arm-linux-gnueabihf/crt1.o
 .ARM.exidx.text.startup
                0x00010568        0x8 build/test_1_app.exe/src/main.o
                [!provide]                PROVIDE (__exidx_end = .)

.eh_frame_hdr
 *(.eh_frame_hdr)
 *(.eh_frame_entry .eh_frame_entry.*)

.eh_frame       0x00010578        0x4
 *(.eh_frame)
 .eh_frame      0x00010578        0x4 d:/misc/genesistools/rasp-gcc/bin/../lib/gcc/arm-linux-gnueabihf/8/../../../../arm-linux-gnueabihf/lib/crtend.o
 *(.eh_frame.*)

.gcc_except_table
 *(.gcc_except_table .gcc_except_table.*)

.gnu_extab
 *(.gnu_extab*)

.exception_ranges
 *(.exception_ranges .exception_ranges*)
                0x00020ef8                . = DATA_SEGMENT_ALIGN (CONSTANT (MAXPAGESIZE), CONSTANT (COMMONPAGESIZE))

.eh_frame
 *(.eh_frame)
 *(.eh_frame.*)

.gnu_extab
 *(.gnu_extab)

.gcc_except_table
 *(.gcc_except_table .gcc_except_table.*)

.exception_ranges
 *(.exception_ranges .exception_ranges*)

.tdata          0x00020ef8        0x0
                [!provide]                PROVIDE (__tdata_start = .)
 *(.tdata .tdata.* .gnu.linkonce.td.*)

.tbss
 *(.tbss .tbss.* .gnu.linkonce.tb.*)
 *(.tcommon)

.preinit_array  0x00020ef8        0x0
                [!provide]                PROVIDE (__preinit_array_start = .)
 *(.preinit_array)
                [!provide]                PROVIDE (__preinit_array_end = .)

.init_array     0x00020ef8        0x4
                0x00020ef8                PROVIDE (__init_array_start = .)
 *(SORT_BY_INIT_PRIORITY(.init_array.*) SORT_BY_INIT_PRIORITY(.ctors.*))
 *(.init_array EXCLUDE_FILE(*crtend?.o *crtend.o *crtbegin?.o *crtbegin.o) .ctors)
 .init_array    0x00020ef8        0x4 d:/misc/genesistools/rasp-gcc/bin/../lib/gcc/arm-linux-gnueabihf/8/../../../../arm-linux-gnueabihf/lib/crtbegin.o
                0x00020efc                PROVIDE (__init_array_end = .)

.fini_array     0x00020efc        0x4
                [!provide]                PROVIDE (__fini_array_start = .)
 *(SORT_BY_INIT_PRIORITY(.fini_array.*) SORT_BY_INIT_PRIORITY(.dtors.*))
 *(.fini_array EXCLUDE_FILE(*crtend?.o *crtend.o *crtbegin?.o *crtbegin.o) .dtors)
 .fini_array    0x00020efc        0x4 d:/misc/genesistools/rasp-gcc/bin/../lib/gcc/arm-linux-gnueabihf/8/../../../../arm-linux-gnueabihf/lib/crtbegin.o
                [!provide]                PROVIDE (__fini_array_end = .)

.ctors
 *crtbegin.o(.ctors)
 *crtbegin?.o(.ctors)
 *(EXCLUDE_FILE(*crtend?.o *crtend.o) .ctors)
 *(SORT_BY_NAME(.ctors.*))
 *(.ctors)

.dtors
 *crtbegin.o(.dtors)
 *crtbegin?.o(.dtors)
 *(EXCLUDE_FILE(*crtend?.o *crtend.o) .dtors)
 *(SORT_BY_NAME(.dtors.*))
 *(.dtors)

.jcr
 *(.jcr)

.data.rel.ro    0x00020f00        0x0
 *(.data.rel.ro.local* .gnu.linkonce.d.rel.ro.local.*)
 *(.data.rel.ro .data.rel.ro.* .gnu.linkonce.d.rel.ro.*)
 .data.rel.ro   0x00020f00        0x0 d:/misc/genesistools/rasp-gcc/bin/../arm-linux-gnueabihf/sysroot/usr/lib/arm-linux-gnueabihf/crt1.o

.dynamic        0x00020f00      0x100
 *(.dynamic)
 .dynamic       0x00020f00      0x100 d:/misc/genesistools/rasp-gcc/bin/../arm-linux-gnueabihf/sysroot/usr/lib/arm-linux-gnueabihf/crt1.o
                0x00020f00                _DYNAMIC
                0x00021000                . = DATA_SEGMENT_RELRO_END (., 0x0)

.got            0x00021000       0x20
 *(.got.plt)
 .got.plt       0x00021000       0x1c d:/misc/genesistools/rasp-gcc/bin/../arm-linux-gnueabihf/sysroot/usr/lib/arm-linux-gnueabihf/crt1.o
                0x00021000                _GLOBAL_OFFSET_TABLE_
 *(.igot.plt)
 .igot.plt      0x0002101c        0x0 d:/misc/genesistools/rasp-gcc/bin/../arm-linux-gnueabihf/sysroot/usr/lib/arm-linux-gnueabihf/crt1.o
 *(.got)
 .got           0x0002101c        0x4 d:/misc/genesistools/rasp-gcc/bin/../arm-linux-gnueabihf/sysroot/usr/lib/arm-linux-gnueabihf/crt1.o
 *(.igot)

.data           0x00021020        0x0
                [!provide]                PROVIDE (__data_start = .)
 *(.data .data.* .gnu.linkonce.d.*)

.tm_clone_table
                0x00021020        0x0
 .tm_clone_table
                0x00021020        0x0 d:/misc/genesistools/rasp-gcc/bin/../lib/gcc/arm-linux-gnueabihf/8/../../../../arm-linux-gnueabihf/lib/crtbegin.o
 .tm_clone_table
                0x00021020        0x0 d:/misc/genesistools/rasp-gcc/bin/../lib/gcc/arm-linux-gnueabihf/8/../../../../arm-linux-gnueabihf/lib/crtend.o

.data1
 *(.data1)
                0x00021020                _edata = .
                [!provide]                PROVIDE (edata = .)
                0x00021020                . = .
                0x00021020                __bss_start = .
                0x00021020                __bss_start__ = .

.bss            0x00021020        0x4
 *(.dynbss)
 .dynbss        0x00021020        0x0 d:/misc/genesistools/rasp-gcc/bin/../arm-linux-gnueabihf/sysroot/usr/lib/arm-linux-gnueabihf/crt1.o
 *(.bss .bss.* .gnu.linkonce.b.*)
 .bss           0x00021020        0x1 d:/misc/genesistools/rasp-gcc/bin/../lib/gcc/arm-linux-gnueabihf/8/../../../../arm-linux-gnueabihf/lib/crtbegin.o
 *(COMMON)
                0x00021024                . = ALIGN ((. != 0x0)?0x4:0x1)
 *fill*         0x00021021        0x3 
                0x00021024                _bss_end__ = .
                0x00021024                __bss_end__ = .
                0x00021024                . = ALIGN (0x4)
                0x00021024                . = SEGMENT_START ("ldata-segment", .)
                0x00021024                . = ALIGN (0x4)
                0x00021024                __end__ = .
                0x00021024                _end = .
                [!provide]                PROVIDE (end = .)
                0x00021024                . = DATA_SEGMENT_END (.)

.stab
 *(.stab)

.stabstr
 *(.stabstr)

.stab.excl
 *(.stab.excl)

.stab.exclstr
 *(.stab.exclstr)

.stab.index
 *(.stab.index)

.stab.indexstr
 *(.stab.indexstr)

.comment        0x00000000       0x23
 *(.comment)
 .comment       0x00000000       0x23 d:/misc/genesistools/rasp-gcc/bin/../lib/gcc/arm-linux-gnueabihf/8/../../../../arm-linux-gnueabihf/lib/crtbegin.o
                                 0x24 (size before relaxing)
 .comment       0x00000023       0x24 build/test_1_app.exe/src/main.o
 .comment       0x00000023       0x24 d:/misc/genesistools/rasp-gcc/bin/../lib/gcc/arm-linux-gnueabihf/8/../../../../arm-linux-gnueabihf/lib/crtend.o

.ARM.attributes
                0x00000000       0x2f
 .ARM.attributes
                0x00000000       0x2f d:/misc/genesistools/rasp-gcc/bin/../arm-linux-gnueabihf/sysroot/usr/lib/arm-linux-gnueabihf/crt1.o
 .ARM.attributes
                0x0000002f       0x23 d:/misc/genesistools/rasp-gcc/bin/../arm-linux-gnueabihf/sysroot/usr/lib/arm-linux-gnueabihf/crti.o
 .ARM.attributes
                0x00000052       0x2f d:/misc/genesistools/rasp-gcc/bin/../lib/gcc/arm-linux-gnueabihf/8/../../../../arm-linux-gnueabihf/lib/crtbegin.o
 .ARM.attributes
                0x00000081       0x2f build/test_1_app.exe/src/main.o
 .ARM.attributes
                0x000000b0       0x31 d:\misc\genesistools\rasp-gcc\bin\../arm-linux-gnueabihf/sysroot/usr/lib/arm-linux-gnueabihf/libc_nonshared.a(elf-init.oS)
 .ARM.attributes
                0x000000e1       0x2f d:/misc/genesistools/rasp-gcc/bin/../lib/gcc/arm-linux-gnueabihf/8/../../../../arm-linux-gnueabihf/lib/crtend.o
 .ARM.attributes
                0x00000110       0x23 d:/misc/genesistools/rasp-gcc/bin/../arm-linux-gnueabihf/sysroot/usr/lib/arm-linux-gnueabihf/crtn.o

.debug
 *(.debug)

.line
 *(.line)

.debug_srcinfo
 *(.debug_srcinfo)

.debug_sfnames
 *(.debug_sfnames)

.debug_aranges  0x00000000       0x20
 *(.debug_aranges)
 .debug_aranges
                0x00000000       0x20 build/test_1_app.exe/src/main.o

.debug_pubnames
 *(.debug_pubnames)

.debug_info     0x00000000      0x351
 *(.debug_info .gnu.linkonce.wi.*)
 .debug_info    0x00000000      0x351 build/test_1_app.exe/src/main.o

.debug_abbrev   0x00000000       0xf5
 *(.debug_abbrev)
 .debug_abbrev  0x00000000       0xf5 build/test_1_app.exe/src/main.o

.debug_line     0x00000000      0x445
 *(.debug_line .debug_line.* .debug_line_end)
 .debug_line    0x00000000      0x445 build/test_1_app.exe/src/main.o

.debug_frame    0x00000000       0x28
 *(.debug_frame)
 .debug_frame   0x00000000       0x28 build/test_1_app.exe/src/main.o

.debug_str      0x00000000     0x5b9c
 *(.debug_str)
 .debug_str     0x00000000     0x5b9c build/test_1_app.exe/src/main.o
                               0x5e91 (size before relaxing)

.debug_loc
 *(.debug_loc)

.debug_macinfo
 *(.debug_macinfo)

.debug_weaknames
 *(.debug_weaknames)

.debug_funcnames
 *(.debug_funcnames)

.debug_typenames
 *(.debug_typenames)

.debug_varnames
 *(.debug_varnames)

.debug_pubtypes
 *(.debug_pubtypes)

.debug_ranges   0x00000000       0x10
 *(.debug_ranges)
 .debug_ranges  0x00000000       0x10 build/test_1_app.exe/src/main.o

.debug_macro    0x00000000     0x1850
 *(.debug_macro)
 .debug_macro   0x00000000      0x190 build/test_1_app.exe/src/main.o
 .debug_macro   0x00000190      0xb56 build/test_1_app.exe/src/main.o
 .debug_macro   0x00000ce6       0x1c build/test_1_app.exe/src/main.o
 .debug_macro   0x00000d02      0x2a1 build/test_1_app.exe/src/main.o
 .debug_macro   0x00000fa3      0x171 build/test_1_app.exe/src/main.o
 .debug_macro   0x00001114       0x1c build/test_1_app.exe/src/main.o
 .debug_macro   0x00001130       0x4a build/test_1_app.exe/src/main.o
 .debug_macro   0x0000117a       0x70 build/test_1_app.exe/src/main.o
 .debug_macro   0x000011ea       0x23 build/test_1_app.exe/src/main.o
 .debug_macro   0x0000120d       0x16 build/test_1_app.exe/src/main.o
 .debug_macro   0x00001223       0x1c build/test_1_app.exe/src/main.o
 .debug_macro   0x0000123f       0x10 build/test_1_app.exe/src/main.o
 .debug_macro   0x0000124f       0x3a build/test_1_app.exe/src/main.o
 .debug_macro   0x00001289       0x5e build/test_1_app.exe/src/main.o
 .debug_macro   0x000012e7       0xe2 build/test_1_app.exe/src/main.o
 .debug_macro   0x000013c9       0x16 build/test_1_app.exe/src/main.o
 .debug_macro   0x000013df      0x29f build/test_1_app.exe/src/main.o
 .debug_macro   0x0000167e       0x10 build/test_1_app.exe/src/main.o
 .debug_macro   0x0000168e       0x10 build/test_1_app.exe/src/main.o
 .debug_macro   0x0000169e       0x97 build/test_1_app.exe/src/main.o
 .debug_macro   0x00001735       0x10 build/test_1_app.exe/src/main.o
 .debug_macro   0x00001745       0x34 build/test_1_app.exe/src/main.o
 .debug_macro   0x00001779       0x5e build/test_1_app.exe/src/main.o
 .debug_macro   0x000017d7       0x34 build/test_1_app.exe/src/main.o
 .debug_macro   0x0000180b       0x2e build/test_1_app.exe/src/main.o
 .debug_macro   0x00001839       0x17 build/test_1_app.exe/src/main.o

.debug_addr
 *(.debug_addr)

.gnu.attributes
 *(.gnu.attributes)

.note.gnu.arm.ident
 *(.note.gnu.arm.ident)

/DISCARD/
 *(.note.GNU-stack)
 *(.gnu_debuglink)
 *(.gnu.lto_*)
OUTPUT(bin/test_1_app.exe elf32-littlearm)
